[
  {
    BidID: 1dd8f292-22c9-4bc9-90d1-0572e61e6e4a,
    PublisherID: 63954675-e0f2-46ab-b14d-41f05e3be20d,
    MasterGameID: 3f74675f-2bee-4ec7-8ec7-d44eb5654835,
    GameName: Skate Story,
    CounterPick: false,
    Priority: 2,
    BidAmount: 4,
    ProjectedPointsAtTimeOfBid: 101.71756720829473333333333334,
    SlotNumber: 12,
    Outcome: No competing bids for this game.,
    ConditionalDropMasterGameID: null,
    ConditionalDropResult: null
  },
  {
    BidID: 78911295-2e08-4b47-95a6-f85841fc44f9,
    PublisherID: 788b4411-d078-4b03-9bab-efe034797738,
    MasterGameID: db8b344a-0a54-4cbf-a62d-1690118efa6e,
    GameName: Super Mario Party Jamboree,
    CounterPick: false,
    Priority: 2,
    BidAmount: 4,
    ProjectedPointsAtTimeOfBid: 85.51716044588413333333333334,
    SlotNumber: 6,
    Outcome: No competing bids for this game.,
    ConditionalDropMasterGameID: 470fe7f9-e48b-4694-9afe-f89794a86172,
    ConditionalDropResult: Success
  },
  {
    BidID: f389cb78-9caf-4ee3-bbda-dabba33d5d30,
    PublisherID: 788b4411-d078-4b03-9bab-efe034797738,
    MasterGameID: 9f7382a5-acf3-4798-a10b-e8e678d8d4f2,
    GameName: The Legend of Zelda: Echoes of Wisdom,
    CounterPick: false,
    Priority: 1,
    BidAmount: 36,
    ProjectedPointsAtTimeOfBid: 85.51716044588413333333333334,
    SlotNumber: 13,
    Outcome: This bid was the highest bid.,
    ConditionalDropMasterGameID: null,
    ConditionalDropResult: null
  }
]