[
  {
    BidID: 2a88430d-1c2f-4492-9be0-30e53a6d2bc2,
    PublisherID: 540bb5bd-d93c-4d1e-9e1b-329b17690125,
    MasterGameID: 9f7382a5-acf3-4798-a10b-e8e678d8d4f2,
    GameName: The Legend of Zelda: Echoes of Wisdom,
    CounterPick: false,
    Priority: 5,
    BidAmount: 38,
    ProjectedPointsAtTimeOfBid: 154.23412703910767142857142858,
    SlotNumber: 11,
    Outcome: This bid was the highest bid.,
    ConditionalDropMasterGameID: null,
    ConditionalDropResult: null
  },
  {
    BidID: 4fbc3d80-08fd-4bb5-80b0-baae951d0449,
    PublisherID: 910af83c-b4ce-41b8-9830-54c8594856c3,
    MasterGameID: 47eb6cd3-4d61-4d6b-9486-833106c0cd8d,
    GameName: Mario & Luigi: Brothership,
    CounterPick: false,
    Priority: 2,
    BidAmount: 20,
    ProjectedPointsAtTimeOfBid: 160.69399138577834285714285716,
    SlotNumber: 10,
    Outcome: This bid was the highest bid.,
    ConditionalDropMasterGameID: null,
    ConditionalDropResult: null
  },
  {
    BidID: 537b4b31-aa80-4389-a9d2-ceacc4c6c007,
    PublisherID: 7e760749-b2e6-47d3-9620-f67c17d7794c,
    MasterGameID: 9cd92e93-5fde-4384-bad8-39102595704a,
    GameName: Warhammer 40,000: Space Marine 2,
    CounterPick: false,
    Priority: 3,
    BidAmount: 2,
    ProjectedPointsAtTimeOfBid: 105.2106659163156,
    SlotNumber: 13,
    Outcome: No competing bids for this game.,
    ConditionalDropMasterGameID: 12906e62-794e-4f70-be10-8ff501a83cca,
    ConditionalDropResult: Success
  },
  {
    BidID: 5cfc1e07-b663-485f-a2ca-41be4db0515d,
    PublisherID: 540bb5bd-d93c-4d1e-9e1b-329b17690125,
    MasterGameID: 27949079-1ef3-4b3a-90b2-7add25256c50,
    GameName: Pipistrello and the Cursed Yoyo,
    CounterPick: false,
    Priority: 8,
    BidAmount: 1,
    ProjectedPointsAtTimeOfBid: 154.23412703910767142857142858,
    SlotNumber: 13,
    Outcome: No competing bids for this game.,
    ConditionalDropMasterGameID: null,
    ConditionalDropResult: null
  },
  {
    BidID: 5d6aa73e-ce78-4b9a-93e2-941d4c58e2ce,
    PublisherID: 910af83c-b4ce-41b8-9830-54c8594856c3,
    MasterGameID: c278a522-b7a5-4164-ae7c-f17c50d35d6c,
    GameName: The Rise of the Golden Idol,
    CounterPick: false,
    Priority: 4,
    BidAmount: 3,
    ProjectedPointsAtTimeOfBid: 160.69399138577834285714285716,
    SlotNumber: 12,
    Outcome: No competing bids for this game.,
    ConditionalDropMasterGameID: null,
    ConditionalDropResult: null
  },
  {
    BidID: 682b5dfe-a51e-4447-b36b-73d9ebad09ff,
    PublisherID: 5e930d85-ac5e-48e3-a8ab-552fc96f741a,
    MasterGameID: b236863b-fec4-4feb-ba76-a01e74397890,
    GameName: Mariachi Legends,
    CounterPick: true,
    Priority: 3,
    BidAmount: 1,
    ProjectedPointsAtTimeOfBid: 161.92941389335438571428571429,
    SlotNumber: 2,
    Outcome: This bid was placed earliest.,
    ConditionalDropMasterGameID: null,
    ConditionalDropResult: null
  },
  {
    BidID: ad624f44-08d3-4e64-8967-5d89b5de7354,
    PublisherID: 540bb5bd-d93c-4d1e-9e1b-329b17690125,
    MasterGameID: cb7136bb-89b9-41bb-90a7-441569a410b3,
    GameName: Until Then,
    CounterPick: true,
    Priority: 2,
    BidAmount: 1,
    ProjectedPointsAtTimeOfBid: 154.23412703910767142857142858,
    SlotNumber: 1,
    Outcome: No competing bids for this game.,
    ConditionalDropMasterGameID: null,
    ConditionalDropResult: null
  },
  {
    BidID: cbc0bd10-786f-48d6-ba4f-860d94ec5516,
    PublisherID: 5e930d85-ac5e-48e3-a8ab-552fc96f741a,
    MasterGameID: fcadfdc3-3bf0-4ed6-9641-7615fab21817,
    GameName: World of Warcraft: The War Within,
    CounterPick: false,
    Priority: 1,
    BidAmount: 6,
    ProjectedPointsAtTimeOfBid: 161.92941389335438571428571429,
    SlotNumber: 2,
    Outcome: This bid was the highest bid.,
    ConditionalDropMasterGameID: null,
    ConditionalDropResult: null
  },
  {
    BidID: dd5d8e3d-3395-4292-a2af-6ed2336b3885,
    PublisherID: 910af83c-b4ce-41b8-9830-54c8594856c3,
    MasterGameID: 56ab9a7c-fb14-400f-bff0-55f26407fa7a,
    GameName: Arranger: A Role-Puzzling Adventure,
    CounterPick: false,
    Priority: 3,
    BidAmount: 1,
    ProjectedPointsAtTimeOfBid: 160.69399138577834285714285716,
    SlotNumber: 11,
    Outcome: No competing bids for this game.,
    ConditionalDropMasterGameID: null,
    ConditionalDropResult: null
  }
]